sudo mkdir -p /var/www/adnan.musaver.online/html
sudo chown -R $USER:$USER /var/www/adnan.musaver.online/html
sudo chmod -R 755 /var/www/adnan.musaver.online
sudo nano /var/www/adnan.musaver.online/html/index.html

<html>
    <head>
        <title>Welcome to adnan.musaver.online!</title>
    </head>
    <body>
        <h1>Success!  The adnan.musaver.online server block is working!</h1>
    </body>
</html>


sudo nano /etc/nginx/sites-available/adnan.musaver.online

server {
        listen 80;
        listen [::]:80;

        root /var/www/adnan.musaver.online/html;
        index index.html index.htm index.nginx-debian.html;

        server_name adnan.musaver.online www.adnan.musaver.online;

        location / {
                proxy_pass http://localhost:3001;
                proxy_set_header Host $host;
                proxy_set_header X-Real-IP $remote_addr;
                proxy_set_header X-Forwarded-For $proxy_add_x_forwarded_for;
        }
}

sudo ln -s /etc/nginx/sites-available/adnan.musaver.online /etc/nginx/sites-enabled/

sudo nano /etc/nginx/nginx.conf



// logs

adnan@srv498798:~$ sudo ufw status
[sudo] password for adnan:
Sorry, try again.
[sudo] password for adnan:
Status: inactive
adnan@srv498798:~$ sudo ufw status
Status: inactive
adnan@srv498798:~$ @Adnan6076
@Adnan6076: command not found
adnan@srv498798:~$ sudo ufw status
Status: inactive
adnan@srv498798:~$ sudo ufw start
ERROR: Invalid syntax

Usage: ufw COMMAND

Commands:
 enable                          enables the firewall
 disable                         disables the firewall
 default ARG                     set default policy
 logging LEVEL                   set logging to LEVEL
 allow ARGS                      add allow rule
 deny ARGS                       add deny rule
 reject ARGS                     add reject rule
 limit ARGS                      add limit rule
 delete RULE|NUM                 delete RULE
 insert NUM RULE                 insert RULE at NUM
 prepend RULE                    prepend RULE
 route RULE                      add route RULE
 route delete RULE|NUM           delete route RULE
 route insert NUM RULE           insert route RULE at NUM
 reload                          reload firewall
 reset                           reset firewall
 status                          show firewall status
 status numbered                 show firewall status as numbered list of RULES
 status verbose                  show verbose firewall status
 show ARG                        show firewall report
 version                         display version information

Application profile commands:
 app list                        list application profiles
 app info PROFILE                show information on PROFILE
 app update PROFILE              update PROFILE
 app default ARG                 set default application policy

adnan@srv498798:~$ sudo ufw enable
Command may disrupt existing ssh connections. Proceed with operation (y|n)? y
Firewall is active and enabled on system startup
adnan@srv498798:~$ sudo ufw status
Status: active
adnan@srv498798:~$ sudo ufw ls
ERROR: Invalid syntax

Usage: ufw COMMAND

Commands:
 enable                          enables the firewall
 disable                         disables the firewall
 default ARG                     set default policy
 logging LEVEL                   set logging to LEVEL
 allow ARGS                      add allow rule
 deny ARGS                       add deny rule
 reject ARGS                     add reject rule
 limit ARGS                      add limit rule
 delete RULE|NUM                 delete RULE
 insert NUM RULE                 insert RULE at NUM
 prepend RULE                    prepend RULE
 route RULE                      add route RULE
 route delete RULE|NUM           delete route RULE
 route insert NUM RULE           insert route RULE at NUM
 reload                          reload firewall
 reset                           reset firewall
 status                          show firewall status
 status numbered                 show firewall status as numbered list of RULES
 status verbose                  show verbose firewall status
 show ARG                        show firewall report
 version                         display version information

Application profile commands:
 app list                        list application profiles
 app info PROFILE                show information on PROFILE
 app update PROFILE              update PROFILE
 app default ARG                 set default application policy

adnan@srv498798:~$ sudo ufw -h
ERROR: Invalid syntax

Usage: ufw COMMAND

Commands:
 enable                          enables the firewall
 disable                         disables the firewall
 default ARG                     set default policy
 logging LEVEL                   set logging to LEVEL
 allow ARGS                      add allow rule
 deny ARGS                       add deny rule
 reject ARGS                     add reject rule
 limit ARGS                      add limit rule
 delete RULE|NUM                 delete RULE
 insert NUM RULE                 insert RULE at NUM
 prepend RULE                    prepend RULE
 route RULE                      add route RULE
 route delete RULE|NUM           delete route RULE
 route insert NUM RULE           insert route RULE at NUM
 reload                          reload firewall
 reset                           reset firewall
 status                          show firewall status
 status numbered                 show firewall status as numbered list of RULES
 status verbose                  show verbose firewall status
 show ARG                        show firewall report
 version                         display version information

Application profile commands:
 app list                        list application profiles
 app info PROFILE                show information on PROFILE
 app update PROFILE              update PROFILE
 app default ARG                 set default application policy

adnan@srv498798:~$ sudo ufw list
ERROR: Invalid syntax

Usage: ufw COMMAND

Commands:
 enable                          enables the firewall
 disable                         disables the firewall
 default ARG                     set default policy
 logging LEVEL                   set logging to LEVEL
 allow ARGS                      add allow rule
 deny ARGS                       add deny rule
 reject ARGS                     add reject rule
 limit ARGS                      add limit rule
 delete RULE|NUM                 delete RULE
 insert NUM RULE                 insert RULE at NUM
 prepend RULE                    prepend RULE
 route RULE                      add route RULE
 route delete RULE|NUM           delete route RULE
 route insert NUM RULE           insert route RULE at NUM
 reload                          reload firewall
 reset                           reset firewall
 status                          show firewall status
 status numbered                 show firewall status as numbered list of RULES
 status verbose                  show verbose firewall status
 show ARG                        show firewall report
 version                         display version information

Application profile commands:
 app list                        list application profiles
 app info PROFILE                show information on PROFILE
 app update PROFILE              update PROFILE
 app default ARG                 set default application policy

adnan@srv498798:~$ ufw status
ERROR: You need to be root to run this script
adnan@srv498798:~$ sudo ufw status
Status: active
adnan@srv498798:~$ sudo su
root@srv498798:/home/adnan# sudo ufw status
Status: active
root@srv498798:/home/adnan# sudo ufw allow 'Nginx Full'
sudo ufw delete allow 'Nginx HTTP'
Rule added
Rule added (v6)
Could not delete non-existent rule
Could not delete non-existent rule (v6)
root@srv498798:/home/adnan# sudo ufw status
Status: active

To                         Action      From
--                         ------      ----
Nginx Full                 ALLOW       Anywhere
Nginx Full (v6)            ALLOW       Anywhere (v6)

root@srv498798:/home/adnan#
root@srv498798:/home/adnan# ufw allow OpenSSH
Rule added
Rule added (v6)
root@srv498798:/home/adnan# sudo ufw allow 'Nginx HTTP'
Rule added
Rule added (v6)
root@srv498798:/home/adnan# pm2 logs
[PM2] Spawning PM2 daemon with pm2_home=/root/.pm2
[PM2] PM2 Successfully daemonized
[TAILING] Tailing last 15 lines for [all] processes (change the value with --lines option)
/root/.pm2/pm2.log last 15 lines:
PM2        | 2024-04-16T04:01:40: PM2 log: --- New PM2 Daemon started ----------------------------------------------------
PM2        | 2024-04-16T04:01:40: PM2 log: Time                 : Tue Apr 16 2024 04:01:40 GMT+0000 (Coordinated Universal Time)
PM2        | 2024-04-16T04:01:40: PM2 log: PM2 version          : 5.3.1
PM2        | 2024-04-16T04:01:40: PM2 log: Node.js version      : 18.20.2
PM2        | 2024-04-16T04:01:40: PM2 log: Current arch         : x64
PM2        | 2024-04-16T04:01:40: PM2 log: PM2 home             : /root/.pm2
PM2        | 2024-04-16T04:01:40: PM2 log: PM2 PID file         : /root/.pm2/pm2.pid
PM2        | 2024-04-16T04:01:40: PM2 log: RPC socket file      : /root/.pm2/rpc.sock
PM2        | 2024-04-16T04:01:40: PM2 log: BUS socket file      : /root/.pm2/pub.sock
PM2        | 2024-04-16T04:01:40: PM2 log: Application log path : /root/.pm2/logs
PM2        | 2024-04-16T04:01:40: PM2 log: Worker Interval      : 30000
PM2        | 2024-04-16T04:01:40: PM2 log: Process dump file    : /root/.pm2/dump.pm2
PM2        | 2024-04-16T04:01:40: PM2 log: Concurrent actions   : 2
PM2        | 2024-04-16T04:01:40: PM2 log: SIGTERM timeout      : 1600
PM2        | 2024-04-16T04:01:40: PM2 log: ===============================================================================

^X^C
root@srv498798:/home/adnan# ^C
root@srv498798:/home/adnan# ^C
root@srv498798:/home/adnan# ^C
root@srv498798:/home/adnan# pm2 status
┌────┬───────────┬─────────────┬─────────┬─────────┬──────────┬────────┬──────┬───────────┬──────────┬──────────┬──────────┬──────────┐
│ id │ name      │ namespace   │ version │ mode    │ pid      │ uptime │ ↺    │ status    │ cpu      │ mem      │ user     │ watching │
└────┴───────────┴─────────────┴─────────┴─────────┴──────────┴────────┴──────┴───────────┴──────────┴──────────┴──────────┴──────────┘
root@srv498798:/home/adnan# ls
actions-runner
root@srv498798:/home/adnan# cd actions-runner/_work/
root@srv498798:/home/adnan/actions-runner/_work# ls
_PipelineMapping  _actions  _temp  _tool  demo_e-commerce_frontend
root@srv498798:/home/adnan/actions-runner/_work# cd demo_e-commerce_frontend/
root@srv498798:/home/adnan/actions-runner/_work/demo_e-commerce_frontend# cd demo_e-commerce_frontend/
root@srv498798:/home/adnan/actions-runner/_work/demo_e-commerce_frontend/demo_e-commerce_frontend# ls
README.md  next-env.d.ts  next.config.mjs  node_modules  package-lock.json  package.json  postcss.config.js  public  src  tailwind.config.ts  tsconfig.json
root@srv498798:/home/adnan/actions-runner/_work/demo_e-commerce_frontend/demo_e-commerce_frontend# ls
README.md  next-env.d.ts  next.config.mjs  node_modules  package-lock.json  package.json  postcss.config.js  public  src  tailwind.config.ts  tsconfig.json
root@srv498798:/home/adnan/actions-runner/_work/demo_e-commerce_frontend/demo_e-commerce_frontend# cat package.json
{
  "name": "demo_ecommerce",
  "version": "0.1.0",
  "private": true,
  "scripts": {
    "start": "next dev",
    "build": "next build",
    "lint": "next lint"
  },
  "dependencies": {
    "axios": "^1.6.8",
    "js-cookie": "^3.0.5",
    "lucide-react": "^0.363.0",
    "next": "14.1.4",
    "react": "^18",
    "react-dom": "^18"
  },
  "devDependencies": {
    "@types/js-cookie": "^3.0.6",
    "@types/node": "^20",
    "@types/react": "^18",
    "@types/react-dom": "^18",
    "autoprefixer": "^10.0.1",
    "eslint": "^8",
    "eslint-config-next": "14.1.4",
    "postcss": "^8",
    "tailwindcss": "^3.3.0",
    "typescript": "^5"
  }
}
root@srv498798:/home/adnan/actions-runner/_work/demo_e-commerce_frontend/demo_e-commerce_frontend# ls
README.md  next-env.d.ts  next.config.mjs  node_modules  package-lock.json  package.json  postcss.config.js  public  src  tailwind.config.ts  tsconfig.json
root@srv498798:/home/adnan/actions-runner/_work/demo_e-commerce_frontend/demo_e-commerce_frontend# pm2 start --name dashboard npm -- start
[PM2] Starting /usr/bin/npm in fork_mode (1 instance)
[PM2] Done.
┌────┬──────────────┬─────────────┬─────────┬─────────┬──────────┬────────┬──────┬───────────┬──────────┬──────────┬──────────┬──────────┐
│ id │ name         │ namespace   │ version │ mode    │ pid      │ uptime │ ↺    │ status    │ cpu      │ mem      │ user     │ watching │
├────┼──────────────┼─────────────┼─────────┼─────────┼──────────┼────────┼──────┼───────────┼──────────┼──────────┼──────────┼──────────┤
│ 0  │ dashboard    │ default     │ N/A     │ fork    │ 4388     │ 0s     │ 0    │ online    │ 0%       │ 33.1mb   │ root     │ disabled │
└────┴──────────────┴─────────────┴─────────┴─────────┴──────────┴────────┴──────┴───────────┴──────────┴──────────┴──────────┴──────────┘
root@srv498798:/home/adnan/actions-runner/_work/demo_e-commerce_frontend/demo_e-commerce_frontend# pm2 logs
[TAILING] Tailing last 15 lines for [all] processes (change the value with --lines option)
/root/.pm2/pm2.log last 15 lines:
PM2        | 2024-04-16T04:01:40: PM2 log: PM2 version          : 5.3.1
PM2        | 2024-04-16T04:01:40: PM2 log: Node.js version      : 18.20.2
PM2        | 2024-04-16T04:01:40: PM2 log: Current arch         : x64
PM2        | 2024-04-16T04:01:40: PM2 log: PM2 home             : /root/.pm2
PM2        | 2024-04-16T04:01:40: PM2 log: PM2 PID file         : /root/.pm2/pm2.pid
PM2        | 2024-04-16T04:01:40: PM2 log: RPC socket file      : /root/.pm2/rpc.sock
PM2        | 2024-04-16T04:01:40: PM2 log: BUS socket file      : /root/.pm2/pub.sock
PM2        | 2024-04-16T04:01:40: PM2 log: Application log path : /root/.pm2/logs
PM2        | 2024-04-16T04:01:40: PM2 log: Worker Interval      : 30000
PM2        | 2024-04-16T04:01:40: PM2 log: Process dump file    : /root/.pm2/dump.pm2
PM2        | 2024-04-16T04:01:40: PM2 log: Concurrent actions   : 2
PM2        | 2024-04-16T04:01:40: PM2 log: SIGTERM timeout      : 1600
PM2        | 2024-04-16T04:01:40: PM2 log: ===============================================================================
PM2        | 2024-04-16T04:15:10: PM2 log: App [dashboard:0] starting in -fork mode-
PM2        | 2024-04-16T04:15:10: PM2 log: App [dashboard:0] online

/root/.pm2/logs/dashboard-error.log last 15 lines:
0|dashboar |  ⚠ Port 3000 is in use, trying 3001 instead.

/root/.pm2/logs/dashboard-out.log last 15 lines:
0|dashboar |
0|dashboar | > demo_ecommerce@0.1.0 start
0|dashboar | > next dev
0|dashboar |
0|dashboar |    ▲ Next.js 14.1.4
0|dashboar |    - Local:        http://localhost:3001
0|dashboar |
0|dashboar | Attention: Next.js now collects completely anonymous telemetry regarding usage.
0|dashboar | This information is used to shape Next.js' roadmap and prioritize features.
0|dashboar | You can learn more, including how to opt-out if you'd not like to participate in this anonymous program, by visiting the following URL:
0|dashboar | https://nextjs.org/telemetry
0|dashboar |

0|dashboard  |  ✓ Ready in 3.4s
^C
root@srv498798:/home/adnan/actions-runner/_work/demo_e-commerce_frontend/demo_e-commerce_frontend# ^C
root@srv498798:/home/adnan/actions-runner/_work/demo_e-commerce_frontend/demo_e-commerce_frontend# sudo ufw allow 3001/tcp
Rule added
Rule added (v6)
root@srv498798:/home/adnan/actions-runner/_work/demo_e-commerce_frontend/demo_e-commerce_frontend# sudo ufw allow 3001/udp
Rule added
Rule added (v6)
root@srv498798:/home/adnan/actions-runner/_work/demo_e-commerce_frontend/demo_e-commerce_frontend# sudo ufw reload
Firewall reloaded
root@srv498798:/home/adnan/actions-runner/_work/demo_e-commerce_frontend/demo_e-commerce_frontend# sudo ufw reload
Firewall reloaded
root@srv498798:/home/adnan/actions-runner/_work/demo_e-commerce_frontend/demo_e-commerce_frontend# sudo ufw status
Status: active

To                         Action      From
--                         ------      ----
Nginx Full                 ALLOW       Anywhere
OpenSSH                    ALLOW       Anywhere
Nginx HTTP                 ALLOW       Anywhere
3001/tcp                   ALLOW       Anywhere
3001/udp                   ALLOW       Anywhere
Nginx Full (v6)            ALLOW       Anywhere (v6)
OpenSSH (v6)               ALLOW       Anywhere (v6)
Nginx HTTP (v6)            ALLOW       Anywhere (v6)
3001/tcp (v6)              ALLOW       Anywhere (v6)
3001/udp (v6)              ALLOW       Anywhere (v6)

root@srv498798:/home/adnan/actions-runner/_work/demo_e-commerce_frontend/demo_e-commerce_frontend# cd /etc/nginx/sites-available/
root@srv498798:/etc/nginx/sites-available# ls
default  sheraz.musaver.online  sherry.musaver.online
root@srv498798:/etc/nginx/sites-available# sudo su - adnan
adnan@srv498798:~$ cd /etc/nginx/stes-a
-bash: cd: /etc/nginx/stes-a: No such file or directory
adnan@srv498798:~$ cd /etc/nginx/sites-available/
adnan@srv498798:/etc/nginx/sites-available$ ls
default  sheraz.musaver.online  sherry.musaver.online
adnan@srv498798:/etc/nginx/sites-available$ sudo nano default
[sudo] password for adnan:
adnan@srv498798:/etc/nginx/sites-available$ sudo service nginx sart
Usage: nginx {start|stop|restart|reload|force-reload|status|configtest|rotate|upgrade}
adnan@srv498798:/etc/nginx/sites-available$ sudo service nginx restart
adnan@srv498798:/etc/nginx/sites-available$ sudo service nginx restart
adnan@srv498798:/etc/nginx/sites-available$ sudo mkdir -p /var/www/adnan.musaver.online/html
sudo mkdir -p /var/www/adnan.musaver.online/html
sudo mkdir -p /var/www/adnan.musaver.online/html
sudo mkdir -p /var/www/adnan.musaver.online/html
^C
adnan@srv498798:/etc/nginx/sites-available$ ^C
adnan@srv498798:/etc/nginx/sites-available$ ^C
adnan@srv498798:/etc/nginx/sites-available$ ^C
adnan@srv498798:/etc/nginx/sites-available$ ^C
adnan@srv498798:/etc/nginx/sites-available$ ^C
adnan@srv498798:/etc/nginx/sites-available$ ^C
adnan@srv498798:/etc/nginx/sites-available$ sudo mkdir -p /var/www/adnan.musaver.online/html
adnan@srv498798:/etc/nginx/sites-available$ sudo chown -R $USER:$USER /var/www/adnan.musaver.online/html
adnan@srv498798:/etc/nginx/sites-available$ sudo chmod -R 755 /var/www/adnan.musaver.online
adnan@srv498798:/etc/nginx/sites-available$ sudo nano /var/www/adnan.musaver.online/html/index.html
adnan@srv498798:/etc/nginx/sites-available$ sudo nano /etc/nginx/sites-available/adnan.musaver.online
adnan@srv498798:/etc/nginx/sites-available$ sudo ln -s /etc/nginx/sites-available/adnan.musaver.online /etc/nginx/sites-enabled/
adnan@srv498798:/etc/nginx/sites-available$ sudo nano /etc/nginx/nginx.conf
adnan@srv498798:/etc/nginx/sites-available$ sudo nginx -t
nginx: the configuration file /etc/nginx/nginx.conf syntax is ok
nginx: configuration file /etc/nginx/nginx.conf test is successful
adnan@srv498798:/etc/nginx/sites-available$ sudo systemctl restart nginx
adnan@srv498798:/etc/nginx/sites-available$ ls
adnan.musaver.online  default  sheraz.musaver.online  sherry.musaver.online
adnan@srv498798:/etc/nginx/sites-available$ cd /etc/nginx/sites-available/
adnan@srv498798:/etc/nginx/sites-available$ ls
adnan.musaver.online  default  sheraz.musaver.online  sherry.musaver.online
adnan@srv498798:/etc/nginx/sites-available$ sudo nano adnan.musaver.online
adnan@srv498798:/etc/nginx/sites-available$ proxy_pass http://localhost:8080;
                proxy_set_header Host $host;
                proxy_set_header X-Real-IP $remote_addr;
                proxy_set_header X-Forwarded-For $proxy_add_x_forwarded_for;^C
adnan@srv498798:/etc/nginx/sites-available$ ^C
adnan@srv498798:/etc/nginx/sites-available$ ^C
adnan@srv498798:/etc/nginx/sites-available$ ^C
adnan@srv498798:/etc/nginx/sites-available$ ^C
adnan@srv498798:/etc/nginx/sites-available$ ^C
adnan@srv498798:/etc/nginx/sites-available$ l
adnan.musaver.online  default  sheraz.musaver.online  sherry.musaver.online
adnan@srv498798:/etc/nginx/sites-available$ sudo service nginx restart
adnan@srv498798:/etc/nginx/sites-available$

